exports[`Carousel Snapshot tests It accepts additional options 1`] = `
<div>
  <img
    alt="text"
    src="image src" />
</div>
`;

exports[`Carousel Snapshot tests It renders a simple div with one child 1`] = `
<div>
  <img
    alt="text"
    src="image src" />
</div>
`;
